[entrypoint] starting at 2026-05-08T05:09:39Z
================================================================
 Phase 8 DOK worker starting
 JOB_ID=lra_listops_cs_d128L10_b32_lr1e3_s30k_s0  TASK=lra_listops  CELL=complex_sigmoid  SEED=0
 TASK_PARAMS={"max_seq_len": 1024}
 ARTIFACT_DIR=/opt/artifact
 GPU: NVIDIA H100 80GB HBM3
================================================================
job=lra_listops_cs_d128L10_b32_lr1e3_s30k_s0  task=lra_listops  cell=complex_sigmoid  seed=0  params=1982118  seq_len=1024
[fresh] no checkpoint, starting from step 0
[step      1] loss=2.8812 eval=2.8824 listops_acc=0.0938
[step    500] loss=2.5438 eval=2.5255 listops_acc=0.2188
[step   1000] loss=2.1348 eval=2.0181 listops_acc=0.5312
[step   1500] loss=1.5300 eval=1.5783 listops_acc=0.5000
[step   2000] loss=1.3713 eval=1.3749 listops_acc=0.5938
[checkpoint] saved step_2000.pt
[step   2500] loss=1.6244 eval=1.3642 listops_acc=0.5000
[step   3000] loss=1.3020 eval=1.4367 listops_acc=0.5000
[step   3500] loss=1.5005 eval=1.4440 listops_acc=0.4375
[step   4000] loss=1.2643 eval=1.3420 listops_acc=0.5000
[checkpoint] saved step_4000.pt
[step   4500] loss=1.0324 eval=1.3870 listops_acc=0.4688
[step   5000] loss=1.2486 eval=1.1509 listops_acc=0.5938
[step   5500] loss=1.3392 eval=1.1304 listops_acc=0.5000
[step   6000] loss=1.2078 eval=1.4134 listops_acc=0.4375
[checkpoint] saved step_6000.pt
[step   6500] loss=0.7853 eval=0.9844 listops_acc=0.6875
[step   7000] loss=1.2366 eval=1.2462 listops_acc=0.5625
[step   7500] loss=1.0203 eval=1.0190 listops_acc=0.5625
[step   8000] loss=1.0110 eval=1.1909 listops_acc=0.5625
[checkpoint] saved step_8000.pt
[step   8500] loss=1.0487 eval=1.0216 listops_acc=0.5312
[step   9000] loss=0.8854 eval=0.8968 listops_acc=0.6562
[step   9500] loss=0.7444 eval=1.0818 listops_acc=0.6875
[step  10000] loss=1.1341 eval=1.1069 listops_acc=0.6562
[checkpoint] saved step_10000.pt
[step  10500] loss=0.9218 eval=0.8846 listops_acc=0.7188
[step  11000] loss=1.1826 eval=1.0539 listops_acc=0.6875
[step  11500] loss=1.2155 eval=1.2023 listops_acc=0.5000
[step  12000] loss=1.0304 eval=0.8826 listops_acc=0.6562
[checkpoint] saved step_12000.pt
[step  12500] loss=1.1281 eval=1.0591 listops_acc=0.6875
[step  13000] loss=1.0603 eval=1.1219 listops_acc=0.5938
[step  13500] loss=1.0796 eval=1.0284 listops_acc=0.5938
[step  14000] loss=1.2198 eval=0.7586 listops_acc=0.7188
[checkpoint] saved step_14000.pt
[step  14500] loss=0.9554 eval=0.8378 listops_acc=0.7188
[step  15000] loss=0.7677 eval=0.9149 listops_acc=0.6250
[step  15500] loss=0.8613 eval=1.1218 listops_acc=0.5938
[step  16000] loss=1.0758 eval=1.2363 listops_acc=0.5000
[checkpoint] saved step_16000.pt
[step  16500] loss=0.7980 eval=0.7891 listops_acc=0.7188
[step  17000] loss=1.0110 eval=0.7238 listops_acc=0.7188
[step  17500] loss=1.0562 eval=1.0655 listops_acc=0.6562
[step  18000] loss=1.0192 eval=1.0172 listops_acc=0.6250
[checkpoint] saved step_18000.pt
[step  18500] loss=0.7821 eval=0.9848 listops_acc=0.7188
[step  19000] loss=1.0812 eval=0.8042 listops_acc=0.8125
[step  19500] loss=0.7668 eval=0.9997 listops_acc=0.6250
[step  20000] loss=0.6914 eval=1.1465 listops_acc=0.5625
[checkpoint] saved step_20000.pt
[step  20500] loss=0.8897 eval=1.1939 listops_acc=0.5000
[step  21000] loss=1.0274 eval=0.8463 listops_acc=0.6875
[step  21500] loss=0.7540 eval=1.3201 listops_acc=0.5000
[step  22000] loss=0.8700 eval=1.3123 listops_acc=0.5938
[checkpoint] saved step_22000.pt
[step  22500] loss=1.0782 eval=1.1952 listops_acc=0.5312
[step  23000] loss=1.2048 eval=1.1682 listops_acc=0.5625
[step  23500] loss=1.2756 eval=1.2652 listops_acc=0.5312
[step  24000] loss=1.3172 eval=1.2881 listops_acc=0.5000
[checkpoint] saved step_24000.pt
[step  24500] loss=0.8902 eval=1.0383 listops_acc=0.5938
[step  25000] loss=0.9961 eval=1.1666 listops_acc=0.6250
[step  25500] loss=0.8821 eval=1.2350 listops_acc=0.5938
[step  26000] loss=0.8330 eval=1.0681 listops_acc=0.5625
[checkpoint] saved step_26000.pt
[step  26500] loss=0.9128 eval=0.8065 listops_acc=0.6562
[step  27000] loss=1.0386 eval=1.0191 listops_acc=0.5938
[step  27500] loss=0.8514 eval=1.2745 listops_acc=0.6562
[step  28000] loss=1.1554 eval=0.6370 listops_acc=0.7188
[checkpoint] saved step_28000.pt
[step  28500] loss=0.9892 eval=0.8972 listops_acc=0.6875
[step  29000] loss=0.7451 eval=0.9334 listops_acc=0.5938
[step  29500] loss=1.3932 eval=0.9838 listops_acc=0.7188
[step  30000] loss=1.0041 eval=0.9392 listops_acc=0.6562
[checkpoint] saved step_30000.pt

[done] final_model=/opt/artifact/output/final_model.pt  elapsed=7932.5s
