[entrypoint] starting at 2026-05-07T16:12:57Z
================================================================
 Phase 8 DOK worker starting
 JOB_ID=lra_listops_cs_d128L2_b32_lr1e3_s30k_s0  TASK=lra_listops  CELL=complex_sigmoid  SEED=0
 TASK_PARAMS={"max_seq_len": 1024}
 ARTIFACT_DIR=/opt/artifact
 GPU: NVIDIA H100 80GB HBM3
================================================================
job=lra_listops_cs_d128L2_b32_lr1e3_s30k_s0  task=lra_listops  cell=complex_sigmoid  seed=0  params=402070  seq_len=1024
[fresh] no checkpoint, starting from step 0
[step      1] loss=2.8975 eval=2.8875 listops_acc=0.1250
[step    500] loss=2.5484 eval=2.5234 listops_acc=0.2188
[step   1000] loss=2.2594 eval=2.1799 listops_acc=0.3438
[step   1500] loss=1.6665 eval=1.7708 listops_acc=0.3438
[step   2000] loss=1.5196 eval=1.4169 listops_acc=0.5312
[checkpoint] saved step_2000.pt
[step   2500] loss=1.6507 eval=1.3809 listops_acc=0.5312
[step   3000] loss=1.2802 eval=1.4226 listops_acc=0.4375
[step   3500] loss=1.5373 eval=1.4588 listops_acc=0.4688
[step   4000] loss=1.2612 eval=1.4474 listops_acc=0.4062
[checkpoint] saved step_4000.pt
[step   4500] loss=1.1110 eval=1.5515 listops_acc=0.4688
[step   5000] loss=1.2959 eval=1.2481 listops_acc=0.6250
[step   5500] loss=1.3866 eval=1.0799 listops_acc=0.5938
[step   6000] loss=1.3045 eval=1.4908 listops_acc=0.4688
[checkpoint] saved step_6000.pt
[step   6500] loss=0.7926 eval=0.9953 listops_acc=0.6250
[step   7000] loss=1.3047 eval=1.2777 listops_acc=0.5312
[step   7500] loss=1.1457 eval=1.2115 listops_acc=0.5000
[step   8000] loss=1.2635 eval=1.2527 listops_acc=0.5625
[checkpoint] saved step_8000.pt
[step   8500] loss=1.3201 eval=0.9872 listops_acc=0.6250
[step   9000] loss=0.9324 eval=0.9886 listops_acc=0.6562
[step   9500] loss=1.0656 eval=1.0972 listops_acc=0.5625
[step  10000] loss=1.2738 eval=1.2028 listops_acc=0.5625
[checkpoint] saved step_10000.pt
[step  10500] loss=0.9525 eval=1.0535 listops_acc=0.6562
[step  11000] loss=1.2459 eval=1.1609 listops_acc=0.5625
[step  11500] loss=1.2540 eval=1.2472 listops_acc=0.5000
[step  12000] loss=1.1135 eval=0.9954 listops_acc=0.5312
[checkpoint] saved step_12000.pt
[step  12500] loss=1.0967 eval=1.1618 listops_acc=0.5938
[step  13000] loss=1.1837 eval=1.3328 listops_acc=0.4062
[step  13500] loss=1.1491 eval=1.0306 listops_acc=0.6250
[step  14000] loss=1.3160 eval=0.9059 listops_acc=0.6875
[checkpoint] saved step_14000.pt
[step  14500] loss=1.0434 eval=0.8695 listops_acc=0.6875
[step  15000] loss=0.7653 eval=0.9878 listops_acc=0.6250
[step  15500] loss=0.8386 eval=1.1734 listops_acc=0.5000
[step  16000] loss=1.2518 eval=1.2661 listops_acc=0.5312
[checkpoint] saved step_16000.pt
[step  16500] loss=0.9168 eval=0.7641 listops_acc=0.7500
[step  17000] loss=1.0367 eval=0.6516 listops_acc=0.8125
[step  17500] loss=0.9815 eval=1.0644 listops_acc=0.6250
[step  18000] loss=1.1110 eval=1.0490 listops_acc=0.5625
[checkpoint] saved step_18000.pt
[step  18500] loss=0.8465 eval=1.0690 listops_acc=0.6250
[step  19000] loss=1.1229 eval=0.7227 listops_acc=0.7500
[step  19500] loss=0.8223 eval=1.0240 listops_acc=0.5625
[step  20000] loss=0.7779 eval=1.1688 listops_acc=0.5625
[checkpoint] saved step_20000.pt
[step  20500] loss=0.8856 eval=1.2966 listops_acc=0.4688
[step  21000] loss=1.0870 eval=0.8902 listops_acc=0.6250
[step  21500] loss=0.6878 eval=1.4244 listops_acc=0.5312
[step  22000] loss=0.8863 eval=1.2897 listops_acc=0.5938
[checkpoint] saved step_22000.pt
[step  22500] loss=1.0276 eval=1.2185 listops_acc=0.5938
[step  23000] loss=1.2785 eval=1.2876 listops_acc=0.5625
[step  23500] loss=1.3394 eval=1.3720 listops_acc=0.4688
[step  24000] loss=1.3314 eval=1.3275 listops_acc=0.4375
[checkpoint] saved step_24000.pt
[step  24500] loss=0.9314 eval=1.1468 listops_acc=0.5938
[step  25000] loss=1.0756 eval=1.1127 listops_acc=0.5938
[step  25500] loss=0.8429 eval=1.2962 listops_acc=0.5938
[step  26000] loss=0.8220 eval=1.1054 listops_acc=0.5625
[checkpoint] saved step_26000.pt
[step  26500] loss=0.8976 eval=0.7917 listops_acc=0.6562
[step  27000] loss=0.9795 eval=1.0528 listops_acc=0.5938
[step  27500] loss=0.9706 eval=1.2110 listops_acc=0.5312
[step  28000] loss=1.1405 eval=0.6599 listops_acc=0.7500
[checkpoint] saved step_28000.pt
[step  28500] loss=1.0416 eval=1.0537 listops_acc=0.6875
[step  29000] loss=0.7959 eval=0.9798 listops_acc=0.5625
[step  29500] loss=1.3758 eval=1.1490 listops_acc=0.5312
[step  30000] loss=1.0392 eval=1.0210 listops_acc=0.5938
[checkpoint] saved step_30000.pt

[done] final_model=/opt/artifact/output/final_model.pt  elapsed=2379.5s
