[entrypoint] starting at 2026-05-07T16:16:03Z
================================================================
 Phase 8 DOK worker starting
 JOB_ID=lra_listops_cs_d128L4_b32_lr1e3_s30k_s0  TASK=lra_listops  CELL=complex_sigmoid  SEED=0
 TASK_PARAMS={"max_seq_len": 1024}
 ARTIFACT_DIR=/opt/artifact
 GPU: NVIDIA H100 80GB HBM3
================================================================
job=lra_listops_cs_d128L4_b32_lr1e3_s30k_s0  task=lra_listops  cell=complex_sigmoid  seed=0  params=797082  seq_len=1024
[fresh] no checkpoint, starting from step 0
[step      1] loss=2.8826 eval=2.8877 listops_acc=0.0938
[step    500] loss=2.5440 eval=2.5234 listops_acc=0.2188
[step   1000] loss=2.1571 eval=2.0673 listops_acc=0.4375
[step   1500] loss=1.6372 eval=1.6760 listops_acc=0.4375
[step   2000] loss=1.4168 eval=1.4283 listops_acc=0.4375
[checkpoint] saved step_2000.pt
[step   2500] loss=1.6603 eval=1.3777 listops_acc=0.5000
[step   3000] loss=1.2973 eval=1.4128 listops_acc=0.4688
[step   3500] loss=1.5040 eval=1.4535 listops_acc=0.4375
[step   4000] loss=1.2726 eval=1.3740 listops_acc=0.5000
[checkpoint] saved step_4000.pt
[step   4500] loss=1.1237 eval=1.5623 listops_acc=0.4062
[step   5000] loss=1.3478 eval=1.2011 listops_acc=0.5938
[step   5500] loss=1.3682 eval=1.3152 listops_acc=0.5000
[step   6000] loss=1.3003 eval=1.4581 listops_acc=0.5000
[checkpoint] saved step_6000.pt
[step   6500] loss=0.9188 eval=1.0404 listops_acc=0.5312
[step   7000] loss=1.3500 eval=1.3502 listops_acc=0.5625
[step   7500] loss=1.2118 eval=1.2000 listops_acc=0.5625
[step   8000] loss=1.3428 eval=1.3007 listops_acc=0.5938
[checkpoint] saved step_8000.pt
[step   8500] loss=1.3823 eval=1.1690 listops_acc=0.5000
[step   9000] loss=0.9715 eval=1.0220 listops_acc=0.6562
[step   9500] loss=0.8385 eval=1.0562 listops_acc=0.6250
[step  10000] loss=1.2059 eval=1.1664 listops_acc=0.5000
[checkpoint] saved step_10000.pt
[step  10500] loss=0.9418 eval=1.0222 listops_acc=0.6250
[step  11000] loss=1.2246 eval=1.3126 listops_acc=0.5000
[step  11500] loss=1.2595 eval=1.3280 listops_acc=0.5312
[step  12000] loss=1.2329 eval=0.9437 listops_acc=0.6562
[checkpoint] saved step_12000.pt
[step  12500] loss=1.1948 eval=1.1778 listops_acc=0.5312
[step  13000] loss=1.1456 eval=1.3292 listops_acc=0.4688
[step  13500] loss=1.1287 eval=1.0992 listops_acc=0.6562
[step  14000] loss=1.3574 eval=0.8285 listops_acc=0.6875
[checkpoint] saved step_14000.pt
[step  14500] loss=0.9777 eval=1.0236 listops_acc=0.6562
[step  15000] loss=0.7989 eval=1.0600 listops_acc=0.5938
[step  15500] loss=0.9037 eval=1.1141 listops_acc=0.6250
[step  16000] loss=1.3525 eval=1.2351 listops_acc=0.5312
[checkpoint] saved step_16000.pt
[step  16500] loss=0.9723 eval=0.7593 listops_acc=0.7812
[step  17000] loss=1.1270 eval=0.6610 listops_acc=0.7500
[step  17500] loss=0.9278 eval=1.1043 listops_acc=0.5312
[step  18000] loss=1.1066 eval=1.0754 listops_acc=0.5938
[checkpoint] saved step_18000.pt
[step  18500] loss=0.8486 eval=1.1245 listops_acc=0.6562
[step  19000] loss=1.1969 eval=0.7989 listops_acc=0.7188
[step  19500] loss=0.8868 eval=1.1238 listops_acc=0.5938
[step  20000] loss=0.8247 eval=1.3941 listops_acc=0.4375
[checkpoint] saved step_20000.pt
[step  20500] loss=0.8994 eval=1.2243 listops_acc=0.4375
[step  21000] loss=1.1153 eval=1.0305 listops_acc=0.5938
[step  21500] loss=0.7731 eval=1.4239 listops_acc=0.4688
[step  22000] loss=0.9987 eval=1.3347 listops_acc=0.4688
[checkpoint] saved step_22000.pt
[step  22500] loss=1.0947 eval=1.2914 listops_acc=0.5938
[step  23000] loss=1.1357 eval=1.2431 listops_acc=0.5000
[step  23500] loss=1.3406 eval=1.4113 listops_acc=0.4688
[step  24000] loss=1.3259 eval=1.4409 listops_acc=0.4375
[checkpoint] saved step_24000.pt
[step  24500] loss=0.9889 eval=1.2321 listops_acc=0.4688
[step  25000] loss=1.0236 eval=1.1958 listops_acc=0.4375
[step  25500] loss=0.9493 eval=1.3710 listops_acc=0.4688
[step  26000] loss=0.8942 eval=1.1193 listops_acc=0.5938
[checkpoint] saved step_26000.pt
[step  26500] loss=0.9206 eval=0.8297 listops_acc=0.6250
[step  27000] loss=0.9876 eval=1.1218 listops_acc=0.5938
[step  27500] loss=1.0239 eval=1.3025 listops_acc=0.5625
[step  28000] loss=1.1038 eval=0.6562 listops_acc=0.7500
[checkpoint] saved step_28000.pt
[step  28500] loss=1.0185 eval=1.2483 listops_acc=0.4375
[step  29000] loss=0.9014 eval=0.9039 listops_acc=0.6250
[step  29500] loss=1.4341 eval=1.1210 listops_acc=0.5000
[step  30000] loss=1.0315 eval=1.1378 listops_acc=0.5625
[checkpoint] saved step_30000.pt

[done] final_model=/opt/artifact/output/final_model.pt  elapsed=3702.8s
