[entrypoint] starting at 2026-05-08T05:07:49Z
================================================================
 Phase 8 DOK worker starting
 JOB_ID=lra_listops_cs_d128L6_b32_lr1e3_s30k_s0  TASK=lra_listops  CELL=complex_sigmoid  SEED=0
 TASK_PARAMS={"max_seq_len": 1024}
 ARTIFACT_DIR=/opt/artifact
 GPU: NVIDIA H100 80GB HBM3
================================================================
job=lra_listops_cs_d128L6_b32_lr1e3_s30k_s0  task=lra_listops  cell=complex_sigmoid  seed=0  params=1192094  seq_len=1024
[fresh] no checkpoint, starting from step 0
[step      1] loss=2.9121 eval=2.9054 listops_acc=0.0000
[step    500] loss=2.5498 eval=2.5283 listops_acc=0.2188
[step   1000] loss=2.3605 eval=2.3000 listops_acc=0.2188
[step   1500] loss=1.6906 eval=1.7490 listops_acc=0.5312
[step   2000] loss=1.4109 eval=1.4016 listops_acc=0.5312
[checkpoint] saved step_2000.pt
[step   2500] loss=1.6299 eval=1.3275 listops_acc=0.5312
[step   3000] loss=1.2622 eval=1.4294 listops_acc=0.4688
[step   3500] loss=1.3975 eval=1.4747 listops_acc=0.4062
[step   4000] loss=1.2632 eval=1.3649 listops_acc=0.4688
[checkpoint] saved step_4000.pt
[step   4500] loss=1.1190 eval=1.3792 listops_acc=0.5312
[step   5000] loss=1.2811 eval=1.1598 listops_acc=0.6250
[step   5500] loss=1.3150 eval=1.1246 listops_acc=0.5938
[step   6000] loss=1.2768 eval=1.5389 listops_acc=0.4375
[checkpoint] saved step_6000.pt
[step   6500] loss=0.8352 eval=0.9706 listops_acc=0.5938
[step   7000] loss=1.3150 eval=1.2822 listops_acc=0.5312
[step   7500] loss=1.0500 eval=1.0648 listops_acc=0.5938
[step   8000] loss=1.1189 eval=1.2098 listops_acc=0.5625
[checkpoint] saved step_8000.pt
[step   8500] loss=1.1992 eval=1.1866 listops_acc=0.5312
[step   9000] loss=0.9495 eval=0.9340 listops_acc=0.6250
[step   9500] loss=0.7592 eval=0.9837 listops_acc=0.5938
[step  10000] loss=1.1326 eval=1.1916 listops_acc=0.5625
[checkpoint] saved step_10000.pt
[step  10500] loss=0.8896 eval=1.0563 listops_acc=0.7500
[step  11000] loss=1.1753 eval=1.0885 listops_acc=0.5625
[step  11500] loss=1.2620 eval=1.1792 listops_acc=0.5938
[step  12000] loss=1.1247 eval=0.9126 listops_acc=0.6562
[checkpoint] saved step_12000.pt
[step  12500] loss=1.0691 eval=1.1082 listops_acc=0.6562
[step  13000] loss=1.0793 eval=1.1072 listops_acc=0.5625
[step  13500] loss=1.2437 eval=1.1245 listops_acc=0.6250
[step  14000] loss=1.2148 eval=0.8084 listops_acc=0.7188
[checkpoint] saved step_14000.pt
[step  14500] loss=0.9392 eval=0.8829 listops_acc=0.7188
[step  15000] loss=0.8494 eval=0.9338 listops_acc=0.6875
[step  15500] loss=0.7631 eval=1.1432 listops_acc=0.5625
[step  16000] loss=1.0811 eval=1.1758 listops_acc=0.5625
[checkpoint] saved step_16000.pt
[step  16500] loss=0.8937 eval=0.9018 listops_acc=0.7188
[step  17000] loss=1.0747 eval=0.7383 listops_acc=0.7500
[step  17500] loss=0.9685 eval=1.1087 listops_acc=0.6250
[step  18000] loss=1.0630 eval=1.0037 listops_acc=0.5625
[checkpoint] saved step_18000.pt
[step  18500] loss=0.9137 eval=0.9049 listops_acc=0.6250
[step  19000] loss=1.0884 eval=0.6539 listops_acc=0.8125
[step  19500] loss=0.7408 eval=1.0356 listops_acc=0.5625
[step  20000] loss=0.7971 eval=1.1577 listops_acc=0.5000
[checkpoint] saved step_20000.pt
[step  20500] loss=0.8561 eval=1.1957 listops_acc=0.5000
[step  21000] loss=1.0248 eval=0.8934 listops_acc=0.6875
[step  21500] loss=0.7484 eval=1.4212 listops_acc=0.4375
[step  22000] loss=0.7446 eval=1.3235 listops_acc=0.5625
[checkpoint] saved step_22000.pt
[step  22500] loss=1.1052 eval=1.1543 listops_acc=0.5625
[step  23000] loss=1.0033 eval=1.1972 listops_acc=0.5000
[step  23500] loss=1.2928 eval=1.2880 listops_acc=0.5938
[step  24000] loss=1.2981 eval=1.3378 listops_acc=0.4688
[checkpoint] saved step_24000.pt
[step  24500] loss=0.8301 eval=1.0366 listops_acc=0.6250
[step  25000] loss=0.9833 eval=1.1405 listops_acc=0.5938
[step  25500] loss=0.9060 eval=1.2434 listops_acc=0.5938
[step  26000] loss=0.7546 eval=1.0754 listops_acc=0.5938
[checkpoint] saved step_26000.pt
[step  26500] loss=0.8503 eval=0.8046 listops_acc=0.6562
[step  27000] loss=0.9254 eval=1.0449 listops_acc=0.5312
[step  27500] loss=0.9188 eval=1.1520 listops_acc=0.6562
[step  28000] loss=1.1730 eval=0.6106 listops_acc=0.7188
[checkpoint] saved step_28000.pt
[step  28500] loss=1.0156 eval=1.0479 listops_acc=0.6875
[step  29000] loss=0.7298 eval=1.0122 listops_acc=0.5000
[step  29500] loss=1.4413 eval=1.0496 listops_acc=0.6250
[step  30000] loss=0.9871 eval=0.9705 listops_acc=0.5625
[checkpoint] saved step_30000.pt

[done] final_model=/opt/artifact/output/final_model.pt  elapsed=5184.2s
