[entrypoint] starting at 2026-05-07T16:18:06Z
================================================================
 Phase 8 DOK worker starting
 JOB_ID=lra_listops_cs_d128L14_b32_lr1e3_s30k_s0  TASK=lra_listops  CELL=complex_sigmoid  SEED=0
 TASK_PARAMS={"max_seq_len": 1024}
 ARTIFACT_DIR=/opt/artifact
 GPU: NVIDIA H100 80GB HBM3
================================================================
job=lra_listops_cs_d128L14_b32_lr1e3_s30k_s0  task=lra_listops  cell=complex_sigmoid  seed=0  params=2772142  seq_len=1024
[fresh] no checkpoint, starting from step 0
[step      1] loss=2.8895 eval=2.8961 listops_acc=0.0000
[step    500] loss=2.5463 eval=2.5251 listops_acc=0.2188
[step   1000] loss=2.1740 eval=2.0762 listops_acc=0.5312
[step   1500] loss=1.5523 eval=1.5816 listops_acc=0.4688
[step   2000] loss=1.3725 eval=1.4035 listops_acc=0.5312
[checkpoint] saved step_2000.pt
[step   2500] loss=1.6256 eval=1.3436 listops_acc=0.4688
[step   3000] loss=1.3067 eval=1.4449 listops_acc=0.4688
[step   3500] loss=1.4343 eval=1.4749 listops_acc=0.4062
[step   4000] loss=1.2516 eval=1.3871 listops_acc=0.5000
[checkpoint] saved step_4000.pt
[step   4500] loss=1.0959 eval=1.4194 listops_acc=0.4688
[step   5000] loss=1.1918 eval=1.2272 listops_acc=0.5625
[step   5500] loss=1.3690 eval=1.0729 listops_acc=0.5938
[step   6000] loss=1.3788 eval=1.5697 listops_acc=0.4062
[checkpoint] saved step_6000.pt
[step   6500] loss=0.7667 eval=1.0441 listops_acc=0.5938
[step   7000] loss=1.3762 eval=1.2259 listops_acc=0.5625
[step   7500] loss=1.1934 eval=1.0954 listops_acc=0.5625
[step   8000] loss=1.1996 eval=1.1873 listops_acc=0.5625
[checkpoint] saved step_8000.pt
[step   8500] loss=1.1687 eval=1.0239 listops_acc=0.6250
[step   9000] loss=0.8739 eval=0.9197 listops_acc=0.6562
[step   9500] loss=0.8446 eval=1.0353 listops_acc=0.5938
[step  10000] loss=1.1956 eval=1.1545 listops_acc=0.5625
[checkpoint] saved step_10000.pt
[step  10500] loss=0.9230 eval=0.9527 listops_acc=0.6250
[step  11000] loss=1.2097 eval=1.1016 listops_acc=0.6875
[step  11500] loss=1.2037 eval=1.1822 listops_acc=0.5938
[step  12000] loss=1.0866 eval=0.9501 listops_acc=0.6562
[checkpoint] saved step_12000.pt
[step  12500] loss=1.1164 eval=1.0881 listops_acc=0.5938
[step  13000] loss=1.0026 eval=1.1065 listops_acc=0.5625
[step  13500] loss=1.1383 eval=1.0950 listops_acc=0.5625
[step  14000] loss=1.2776 eval=0.8250 listops_acc=0.6875
[checkpoint] saved step_14000.pt
[step  14500] loss=0.9702 eval=0.8745 listops_acc=0.7188
[step  15000] loss=0.8247 eval=0.9620 listops_acc=0.6875
[step  15500] loss=0.7596 eval=1.1275 listops_acc=0.6562
[step  16000] loss=1.1040 eval=1.2461 listops_acc=0.5000
[checkpoint] saved step_16000.pt
[step  16500] loss=0.7738 eval=0.7603 listops_acc=0.7500
[step  17000] loss=0.9343 eval=0.8051 listops_acc=0.6875
[step  17500] loss=0.9217 eval=0.9723 listops_acc=0.6562
[step  18000] loss=1.1298 eval=1.0316 listops_acc=0.6250
[checkpoint] saved step_18000.pt
[step  18500] loss=0.8557 eval=0.8416 listops_acc=0.7188
[step  19000] loss=1.0772 eval=0.6828 listops_acc=0.8125
[step  19500] loss=0.7357 eval=1.0596 listops_acc=0.5938
[step  20000] loss=0.7986 eval=1.1860 listops_acc=0.5312
[checkpoint] saved step_20000.pt
[step  20500] loss=0.8924 eval=1.1581 listops_acc=0.5625
[step  21000] loss=1.0043 eval=0.8655 listops_acc=0.6875
[step  21500] loss=0.7568 eval=1.3329 listops_acc=0.5312
[step  22000] loss=0.8031 eval=1.2643 listops_acc=0.5625
[checkpoint] saved step_22000.pt
[step  22500] loss=1.0232 eval=1.2379 listops_acc=0.6250
[step  23000] loss=1.1779 eval=1.2146 listops_acc=0.5312
[step  23500] loss=1.2298 eval=1.2386 listops_acc=0.5000
[step  24000] loss=1.3447 eval=1.2535 listops_acc=0.5000
[checkpoint] saved step_24000.pt
[step  24500] loss=0.8675 eval=1.0167 listops_acc=0.5625
[step  25000] loss=0.9777 eval=1.1323 listops_acc=0.6250
[step  25500] loss=0.8069 eval=1.2745 listops_acc=0.5625
[step  26000] loss=0.8219 eval=1.0506 listops_acc=0.5625
[checkpoint] saved step_26000.pt
[step  26500] loss=0.8370 eval=0.7359 listops_acc=0.6875
[step  27000] loss=1.0023 eval=1.0394 listops_acc=0.6250
[step  27500] loss=0.8708 eval=1.2824 listops_acc=0.5000
[step  28000] loss=1.1074 eval=0.6154 listops_acc=0.7812
[checkpoint] saved step_28000.pt
[step  28500] loss=0.9182 eval=0.9517 listops_acc=0.6875
[step  29000] loss=0.7604 eval=0.8908 listops_acc=0.5938
[step  29500] loss=1.3397 eval=0.9789 listops_acc=0.6250
[step  30000] loss=1.0162 eval=1.0308 listops_acc=0.6562
[checkpoint] saved step_30000.pt

[done] final_model=/opt/artifact/output/final_model.pt  elapsed=10754.4s
